1
5
4
2
-1
1
2
6
3
4
2
2
1
1
1
1
4
3
3
2
2
3
3
2
2
2
-1
-1
2
1
3
1
4
3
3
7
1
3
1
3
-1
1
8
4
2
1
3
3
-1
1
2
2
-1
1
1
-1
2
4
3
2
3
2
1
1
1
-1
7
-1
2
-1
7
2
1
5
5
3
2
1
1
4
2
1
1
4
5
1
2
6
3
12
3
2
7
6
1
1
5
2
5
3
4
17
-1
1
1
2
6
-1
-1
2
3
2
1
8
-1
6
1
2
1
2
2
5
3
-1
1
3
3
2
-1
1
7
3
1
-1
1
-1
1
17
4
-1
3
1
1
3
1
1
1
5
7
-1
1
2
4
5
1
2
3
1
11
1
3
2
1
-1
1
3
5
-1
1
1
1
-1
-1
3
7
8
1
2
2
1
1
-1
6
1
1
4
14
7
7
1
-1
5
11
8
9
1
1
1
-1
2
1
2
3
8
1
-1
8
3
1
1
-1
6
1
3
6
6
1
13
1
1
3
1
3
2
5
-1
-1
1
1
1
13
3
4
19
3
2
2
1
